// Jest Snapshot v1, https://goo.gl/fbAQLP

exports[`<Clear/> component <DropdownHandle/> renders correctly 1`] = `
.emotion-0 {
  text-align: center;
  pointer-events: none;
  margin: 0 0 0 5px;
  -webkit-transform: rotate(180deg);
  -ms-transform: rotate(180deg);
  transform: rotate(180deg);
  cursor: pointer;
}

.emotion-0 svg {
  width: 16px;
  height: 16px;
}

.emotion-0:focus {
  outline: none;
}

<div
  className="react-dropdown-select-dropdown-handle emotion-0 emotion-1"
  onClick={[Function]}
  onKeyDown={[Function]}
  onKeyPress={[Function]}
  rotate={1}
  tabIndex="-1"
>
  <svg
    fill="currentColor"
    viewBox="0 0 40 40"
  >
    <path
      d="M31 26.4q0 .3-.2.5l-1.1 1.2q-.3.2-.6.2t-.5-.2l-8.7-8.8-8.8 8.8q-.2.2-.5.2t-.5-.2l-1.2-1.2q-.2-.2-.2-.5t.2-.5l10.4-10.4q.3-.2.6-.2t.5.2l10.4 10.4q.2.2.2.5z"
    />
  </svg>
</div>
`;
