// Jest Snapshot v1, https://goo.gl/fbAQLP

exports[`<Dropdown/> renders correctly 1`] = `
<div
  aria-expanded="true"
  className="react-dropdown-select-dropdown react-dropdown-select-dropdown-bottom "
  role="list"
  style={
    {
      "--dropdown-height": "300px",
      "--dropdown-offset": "NaNpx",
      "--select-color": undefined,
      "--select-color-hover": undefined,
      "left": -1,
      "width": undefined,
    }
  }
  tabIndex={-1}
>
  <div
    className="react-dropdown-select-no-data"
    style={
      {
        "--select-color": undefined,
      }
    }
  />
</div>
`;
