// Jest Snapshot v1, https://goo.gl/fbAQLP

exports[`<Input/> is disabled 1`] = `
<input
  className="react-dropdown-select-input "
  onBlur={[Function]}
  onClick={[Function]}
  onFocus={[Function]}
  onKeyDown={[Function]}
  placeholder=""
  readOnly={false}
  style={
    {
      "--input-size": undefined,
    }
  }
  tabIndex={-1}
/>
`;

exports[`<Input/> renders correctly 1`] = `
<input
  className="react-dropdown-select-input "
  onBlur={[Function]}
  onClick={[Function]}
  onFocus={[Function]}
  onKeyDown={[Function]}
  placeholder=""
  readOnly={false}
  style={
    {
      "--input-size": undefined,
    }
  }
  tabIndex={-1}
/>
`;
