// Jest Snapshot v1, https://goo.gl/fbAQLP

exports[`<Input/> is disabled 1`] = `
.emotion-0 {
  line-height: inherit;
  border: none;
  margin-left: 5px;
  background: transparent;
  padding: 0;
  width: calc(undefinedch + 5px);
  font-size: smaller;
}

.emotion-0:focus {
  outline: none;
}

<input
  className="react-dropdown-select-input emotion-0 emotion-1"
  onBlur={[Function]}
  onClick={[Function]}
  onFocus={[Function]}
  onKeyPress={[Function]}
  placeholder=""
  readOnly={false}
  tabIndex="-1"
/>
`;

exports[`<Input/> renders correctly 1`] = `
.emotion-0 {
  line-height: inherit;
  border: none;
  margin-left: 5px;
  background: transparent;
  padding: 0;
  width: calc(undefinedch + 5px);
  font-size: smaller;
}

.emotion-0:focus {
  outline: none;
}

<input
  className="react-dropdown-select-input emotion-0 emotion-1"
  onBlur={[Function]}
  onClick={[Function]}
  onFocus={[Function]}
  onKeyPress={[Function]}
  placeholder=""
  readOnly={false}
  tabIndex="-1"
/>
`;
