// Jest Snapshot v1, https://goo.gl/fbAQLP

exports[`<Item/> component pass item renderer 1`] = `
.emotion-0 {
  padding: 5px 10px;
  cursor: pointer;
  border-bottom: 1px solid #fff;
}

.emotion-0.react-dropdown-select-item-active {
  border-bottom: 1px solid #fff;
}

.emotion-0:hover,
.emotion-0:focus {
  outline: none;
}

.emotion-0.react-dropdown-select-item-selected {
  background: undefined;
  color: #fff;
  border-bottom: 1px solid #fff;
}

<span
  className="react-dropdown-select-item    emotion-0 emotion-1"
  onClick={[Function]}
  onKeyPress={[Function]}
  role="option"
  tabIndex="-1"
>
   
</span>
`;

exports[`<Item/> component renders correctly 1`] = `
.emotion-0 {
  padding: 5px 10px;
  cursor: pointer;
  border-bottom: 1px solid #fff;
}

.emotion-0.react-dropdown-select-item-active {
  border-bottom: 1px solid #fff;
}

.emotion-0:hover,
.emotion-0:focus {
  outline: none;
}

.emotion-0.react-dropdown-select-item-selected {
  background: undefined;
  color: #fff;
  border-bottom: 1px solid #fff;
}

<span
  className="react-dropdown-select-item    emotion-0 emotion-1"
  onClick={[Function]}
  onKeyPress={[Function]}
  role="option"
  tabIndex="-1"
>
   
</span>
`;
