// Jest Snapshot v1, https://goo.gl/fbAQLP

exports[`<Item/> component pass item renderer 1`] = `
<span
  className="react-dropdown-select-item"
  onClick={[Function]}
  onKeyDown={[Function]}
  role="option"
  style={
    {
      "--select-item-active-bg": undefined,
      "--select-item-hover-bg": undefined,
      "--select-item-selected-bg": undefined,
      "--select-item-selected-color": "#fff",
    }
  }
  tabIndex={-1}
>
   
</span>
`;

exports[`<Item/> component renders correctly 1`] = `
<span
  className="react-dropdown-select-item"
  onClick={[Function]}
  onKeyDown={[Function]}
  role="option"
  style={
    {
      "--select-item-active-bg": undefined,
      "--select-item-hover-bg": undefined,
      "--select-item-selected-bg": undefined,
      "--select-item-selected-color": "#fff",
    }
  }
  tabIndex={-1}
>
   
</span>
`;
