// Jest Snapshot v1, https://goo.gl/fbAQLP

exports[`<Item/> component keepSelectedInList: false 1`] = `null`;

exports[`<Item/> component renders correctly 1`] = `
<span
  className="react-dropdown-select-item  null css-7av8hz-ItemComponent evc32pp0"
  onClick={[Function]}
  onKeyPress={[Function]}
  role="option"
  tabIndex="-1"
>
   
</span>
`;

exports[`<Option/> component renders correctly 1`] = `
<span
  className="react-dropdown-select-option css-1sb8fud-OptionComponent e1l4eby50"
  role="listitem"
>
  <span
    className="react-dropdown-select-option-label"
  />
  <span
    className="react-dropdown-select-option-remove"
    onClick={[Function]}
  >
    ×
  </span>
</span>
`;
